Microchip MPLAB XC8 Compiler V2.41

Linker command line:

-W-3 \
  --edf=C:\Program Files\Microchip\xc8\v2.41\pic\dat\20230208172133_en.msgs \
  -cn -h+dist/default/production\Voltmeter.X.production.sym \
  --cmf=dist/default/production\Voltmeter.X.production.cmf -z -Q16F84A \
  -oC:\Users\mrajz\AppData\Local\Temp\xcAsc88.\driver_tmp_3.o \
  --defsym=__MPLAB_BUILD=1 --fixupoverflow=error \
  -Mdist/default/production/Voltmeter.X.production.map \
  --md=C:\Users\mrajz\AppData\Local\Temp\xcAsc88.\driver_tmp_0.dat -E1 \
  -ver=XC8 Compiler --acfsm=1493 -ACODE=00h-03FFh -ASTRCODE=00h-03FFh \
  -ASTRING=00h-0FFhx4 -ACONST=00h-0FFhx4 -AENTRY=00h-0FFhx4 \
  -ABANK0=0Ch-04Dh -ARAM=0Ch-04Dh -AABS1=0Ch-04Fh -ACOMMON=04Eh-04Fh \
  -ASFR0=00h-0Bh -ASFR1=080h-0CDh -ACONFIG=02007h-02007h -DCONFIG=2 \
  -AIDLOC=02000h-02003h -DIDLOC=2 -AEEDATA=00h-03Fh/02100h \
  -peeprom_data=EEDATA -DEEDATA=2 -DCODE=2 -DSTRCODE=2 -DSTRING=2 -DCONST=2 \
  -DENTRY=2 -preset_vec=00h,intentry,init,end_init -ppowerup=CODE \
  -pcinit=CODE -pfunctab=ENTRY -k \
  C:\Users\mrajz\AppData\Local\Temp\xcAsc88.\driver_tmp_12.o \
  dist/default/production\Voltmeter.X.production.o 

Object code version is 3.11

Machine type is 16F84A



                Name                               Link     Load   Length Selector   Space Scale
C:\Users\mrajz\AppData\Local\Temp\xcAsc88.\driver_tmp_12.o
                end_init                              0        0        1        0       0
                config                             2007     2007        1        0       4
dist/default/production\Voltmeter.X.production.o
                cinit                               3EA      3EA       16      7D4       0
                config                             2007     2007        1        0       4
                text15                              110      110       16      220       0
                text14                               FE       FE       12      1FC       0
                text13                              19C      19C       31      338       0
                text12                              179      179       23      2F2       0
                text11                              13E      13E       1A      27C       0
                text10                              231      231       3C      462       0
                text9                               1CD      1CD       32      39A       0
                text8                               2FE      2FE       54      5FC       0
                text7                                E3       E3        D      1C6       0
                text6                               158      158       21      2B0       0
                text5                               2B2      2B2       4C      564       0
                text4                                F0       F0        E      1E0       0
                text3                               1FF      1FF       32      3FE       0
                text2                               126      126       18      24C       0
                text1                               26D      26D       45      4DA       0
                maintext                            352      352       98      6A4       0
                cstackBANK0                           C        C       37        C       1
                dataBANK0                            43       43        9        C       1
                bssBANK0                             4C       4C        2        C       1
                strings                               1        1        B        2       0
                idataBANK0                           DA       DA        9      1B4       0

TOTAL           Name                               Link     Load   Length     Space
        CLASS   CODE           
                end_init                              0        0        1         0
                cinit                               3EA      3EA       16         0
                text15                              110      110       16         0
                text14                               FE       FE       12         0
                text13                              19C      19C       31         0
                text12                              179      179       23         0
                text11                              13E      13E       1A         0
                text10                              231      231       3C         0
                text9                               1CD      1CD       32         0
                text8                               2FE      2FE       54         0
                text7                                E3       E3        D         0
                text6                               158      158       21         0
                text5                               2B2      2B2       4C         0
                text4                                F0       F0        E         0
                text3                               1FF      1FF       32         0
                text2                               126      126       18         0
                text1                               26D      26D       45         0
                maintext                            352      352       98         0
                idataBANK0                           DA       DA        9         0

        CLASS   STRCODE        

        CLASS   STRING         
                strings                               1        1        B         0

        CLASS   CONST          

        CLASS   ENTRY          

        CLASS   BANK0          
                cstackBANK0                           C        C       37         1
                dataBANK0                            43       43        9         1
                bssBANK0                             4C       4C        2         1

        CLASS   RAM            

        CLASS   ABS1           
                abs_s1                               4E       4E        2         1

        CLASS   COMMON         

        CLASS   SFR0           

        CLASS   SFR1           

        CLASS   CONFIG         
                config                             2007     2007        1         4

        CLASS   IDLOC          

        CLASS   EEDATA         

        CLASS   BANK1          

        CLASS   STACK          



SEGMENTS        Name                           Load    Length   Top    Selector   Space  Class     Delta

                reset_vec                      000000  000001  000001         0       0  CODE        2
                strings                        000001  00000B  00000C         2       0  STRING      2
                cstackBANK0                    00000C  000042  00004E         C       1  BANK0       1
                idataBANK0                     0000DA  000009  0000E3       1B4       0  CODE        2
                text7                          0000E3  00000D  0000F0       1C6       0  CODE        2
                text4                          0000F0  00000E  0000FE       1E0       0  CODE        2
                text14                         0000FE  000012  000110       1FC       0  CODE        2
                text15                         000110  000016  000126       220       0  CODE        2
                text2                          000126  000018  00013E       24C       0  CODE        2
                text11                         00013E  00001A  000158       27C       0  CODE        2
                text6                          000158  000021  000179       2B0       0  CODE        2
                text12                         000179  000023  00019C       2F2       0  CODE        2
                text13                         00019C  000031  0001CD       338       0  CODE        2
                text9                          0001CD  000032  0001FF       39A       0  CODE        2
                text3                          0001FF  000032  000231       3FE       0  CODE        2
                text10                         000231  00003C  00026D       462       0  CODE        2
                text1                          00026D  000045  0002B2       4DA       0  CODE        2
                text5                          0002B2  00004C  0002FE       564       0  CODE        2
                text8                          0002FE  000054  000352       5FC       0  CODE        2
                maintext                       000352  000098  0003EA       6A4       0  CODE        2
                cinit                          0003EA  000016  000400       7D4       0  CODE        2


UNUSED ADDRESS RANGES

        Name                Unused          Largest block    Delta
        CODE             000C-00D9             CE           2
        CONST            000C-00D9             CE           2
        EEDATA           2100-213F             40           2
        ENTRY            000C-00D9             CE           2
        IDLOC            2000-2003              4           2
        SFR0             0000-000B              C           1
        SFR1             0080-00CD             4E           1
        STRCODE          000C-00D9             CE           2
        STRING           000C-00D9             CE           2

                                  Symbol Table

?___lwdiv                 cstackBANK0  0017
?___lwmod                 cstackBANK0  000C
?___wmul                  cstackBANK0  0011
?_readADC                 cstackBANK0  000C
Lcd_Cmd@a                 cstackBANK0  000F
Lcd_Port@a                cstackBANK0  000C
Lcd_Set_Cursor@a          cstackBANK0  0012
Lcd_Set_Cursor@b          cstackBANK0  0010
Lcd_Set_Cursor@temp       cstackBANK0  0015
Lcd_Set_Cursor@y          cstackBANK0  0014
Lcd_Set_Cursor@z          cstackBANK0  0013
Lcd_Write_Char@a          cstackBANK0  0010
Lcd_Write_Char@temp       cstackBANK0  000E
Lcd_Write_Char@y          cstackBANK0  000F
Lcd_Write_Int@a           cstackBANK0  0026
Lcd_Write_Int@temp        cstackBANK0  0028
Lcd_Write_String@a        cstackBANK0  0014
Lcd_Write_String@i        cstackBANK0  0012
_Lcd_Clear                text4        00F0
_Lcd_Cmd                  text14       00FE
_Lcd_Init                 text13       019C
_Lcd_Port                 text15       0110
_Lcd_Set_Cursor           text3        01FF
_Lcd_Write_Char           text12       0179
_Lcd_Write_Int            text7        00E3
_Lcd_Write_String         text11       013E
_RA0                      (abs)        0028
_RA1                      (abs)        0029
_RA2                      (abs)        002A
_RB0                      (abs)        0030
_RB1                      (abs)        0031
_RB2                      (abs)        0032
_RB3                      (abs)        0033
_RB5                      (abs)        0035
_RB6                      (abs)        0036
_RB7                      (abs)        0037
_TRISA                    (abs)        0085
_TRISB                    (abs)        0086
__H__absolute__           __absolute__ 0000
__Habs1                   abs1         0000
__Hbank0                  bank0        0000
__Hbank1                  bank1        0000
__HbssBANK0               bssBANK0     0000
__Hcinit                  cinit        0400
__Hclrtext                clrtext      0000
__Hcode                   code         0000
__Hcommon                 common       0000
__Hconfig                 config       2008
__HcstackBANK0            cstackBANK0  0000
__HcstackCOMMON           cstackCOMMON 0000
__HdataBANK0              dataBANK0    0000
__Heeprom_data            eeprom_data  0000
__Hend_init               end_init     0001
__Hfunctab                functab      0000
__HidataBANK0             idataBANK0   0000
__Hinit                   init         0000
__Hintentry               intentry     0000
__Hmaintext               maintext     0000
__Hpowerup                powerup      0000
__Hram                    ram          0000
__Hreset_vec              reset_vec    0000
__Hsfr0                   sfr0         0000
__Hsfr1                   sfr1         0000
__Hspace_0                (abs)        0400
__Hspace_1                (abs)        004E
__Hspace_2                (abs)        0000
__Hspace_3                (abs)        0000
__Hspace_4                (abs)        400F
__Hstack                  stack        0000
__Hstrings                strings      0000
__Htext                   text         0000
__L__absolute__           __absolute__ 0000
__Labs1                   abs1         0000
__Lbank0                  bank0        0000
__Lbank1                  bank1        0000
__LbssBANK0               bssBANK0     0000
__Lcinit                  cinit        03EA
__Lclrtext                clrtext      0000
__Lcode                   code         0000
__Lcommon                 common       0000
__Lconfig                 config       0000
__LcstackBANK0            cstackBANK0  0000
__LcstackCOMMON           cstackCOMMON 0000
__LdataBANK0              dataBANK0    0000
__Leeprom_data            eeprom_data  0000
__Lend_init               end_init     0000
__Lfunctab                functab      0000
__LidataBANK0             idataBANK0   0000
__Linit                   init         0000
__Lintentry               intentry     0000
__Lmaintext               maintext     0000
__Lpowerup                powerup      0000
__Lram                    ram          0000
__Lreset_vec              reset_vec    0000
__Lsfr0                   sfr0         0000
__Lsfr1                   sfr1         0000
__Lspace_0                (abs)        0000
__Lspace_1                (abs)        0000
__Lspace_2                (abs)        0000
__Lspace_3                (abs)        0000
__Lspace_4                (abs)        0000
__Lstack                  stack        0000
__Lstrings                strings      0000
__Ltext                   text         0000
__S0                      (abs)        0400
__S1                      (abs)        004E
__S3                      (abs)        0000
___int_sp                 stack        0000
___latbits                (abs)        0000
___lwdiv                  text10       0231
___lwdiv@counter          cstackBANK0  001D
___lwdiv@dividend         cstackBANK0  0019
___lwdiv@divisor          cstackBANK0  0017
___lwdiv@quotient         cstackBANK0  001B
___lwmod                  text9        01CD
___lwmod@counter          cstackBANK0  0010
___lwmod@dividend         cstackBANK0  000E
___lwmod@divisor          cstackBANK0  000C
___sp                     stack        0000
___stackhi                (abs)        0000
___stacklo                (abs)        0000
___wmul                   text6        0158
___wmul@multiplicand      cstackBANK0  0013
___wmul@multiplier        cstackBANK0  0011
___wmul@product           cstackBANK0  0015
__end_of_Lcd_Clear        text4        00FE
__end_of_Lcd_Cmd          text14       0110
__end_of_Lcd_Init         text13       01CD
__end_of_Lcd_Port         text15       0126
__end_of_Lcd_Set_Cursor   text3        0231
__end_of_Lcd_Write_Char   text12       019C
__end_of_Lcd_Write_Int    text7        00F0
__end_of_Lcd_Write_String text11       0158
__end_of___lwdiv          text10       026D
__end_of___lwmod          text9        01FF
__end_of___wmul           text6        0179
__end_of__initialization  cinit        03FE
__end_of__stringtab       strings      0007
__end_of_main             maintext     03EA
__end_of_readADC          text5        02FE
__end_of_strcpy           text2        013E
__end_of_utoa             text8        0352
__end_of_welcomeMessage   text1        02B2
__initialization          cinit        03EA
__pbssBANK0               bssBANK0     004C
__pcstackBANK0            cstackBANK0  000C
__pcstackCOMMON           cstackCOMMON 0000
__pdataBANK0              dataBANK0    0043
__pidataBANK0             idataBANK0   00DA
__pmaintext               maintext     0352
__pstrings                strings      0001
__ptext1                  text1        026D
__ptext10                 text10       0231
__ptext11                 text11       013E
__ptext12                 text12       0179
__ptext13                 text13       019C
__ptext14                 text14       00FE
__ptext15                 text15       0110
__ptext2                  text2        0126
__ptext3                  text3        01FF
__ptext4                  text4        00F0
__ptext5                  text5        02B2
__ptext6                  text6        0158
__ptext7                  text7        00E3
__ptext8                  text8        02FE
__ptext9                  text9        01CD
__stringbase              strings      0006
__stringtab               strings      0001
_adcVal                   bssBANK0     004C
_main                     maintext     0352
_main$764                 cstackBANK0  0041
_readADC                  text5        02B2
_strcpy                   text2        0126
_utoa                     text8        02FE
_welcomeMessage           text1        026D
btemp                     (abs)        004E
end_of_initialization     cinit        03FE
intlevel0                 functab      0000
intlevel1                 functab      0000
intlevel2                 functab      0000
intlevel3                 functab      0000
intlevel4                 functab      0000
intlevel5                 functab      0000
main@d1                   cstackBANK0  003B
main@d2                   cstackBANK0  003D
main@d3                   cstackBANK0  003F
readADC@bits              cstackBANK0  0012
readADC@rxData            cstackBANK0  0013
readADC@volt              cstackBANK0  0010
reset_vec                 reset_vec    0000
start                     init         0000
start_initialization      cinit        03EA
strcpy@cp                 cstackBANK0  000E
strcpy@from               cstackBANK0  000C
strcpy@to                 cstackBANK0  000D
utoa@base                 cstackBANK0  0020
utoa@buf                  cstackBANK0  0025
utoa@c                    cstackBANK0  0024
utoa@v                    cstackBANK0  0022
utoa@val                  cstackBANK0  001E
welcomeMessage@F325       dataBANK0    0043
welcomeMessage@msg        cstackBANK0  001A
wtemp0                    (abs)        004E


MODULE INFORMATION

Module		Function		Class		Link	Load	Size
C:\Program Files\Microchip\xc8\v2.41\pic\sources\c90\common\Umul16.c
		___wmul        		CODE           	0158	0000	33

C:\Program Files\Microchip\xc8\v2.41\pic\sources\c90\common\Umul16.c estimated size: 33

C:\Program Files\Microchip\xc8\v2.41\pic\sources\c90\common\lwdiv.c
		___lwdiv       		CODE           	0231	0000	60

C:\Program Files\Microchip\xc8\v2.41\pic\sources\c90\common\lwdiv.c estimated size: 60

adc.c
		_readADC       		CODE           	02B2	0000	76

adc.c estimated size: 76

shared
		__stringtab    		STRING         	0001	0000	6
		__initialization		CODE           	03EA	0000	20

shared estimated size: 26

C:\Program Files\Microchip\xc8\v2.41\pic\sources\c90\common\strcpy.c
		_strcpy        		CODE           	0126	0000	24

C:\Program Files\Microchip\xc8\v2.41\pic\sources\c90\common\strcpy.c estimated size: 24

lcd.c
		_Lcd_Write_String		CODE           	013E	0000	26
		_Lcd_Write_Int 		CODE           	00E3	0000	13
		_Lcd_Init      		CODE           	019C	0000	49
		_Lcd_Write_Char		CODE           	0179	0000	35
		_Lcd_Cmd       		CODE           	00FE	0000	18
		_Lcd_Set_Cursor		CODE           	01FF	0000	50
		_Lcd_Clear     		CODE           	00F0	0000	14
		_Lcd_Port      		CODE           	0110	0000	22

lcd.c estimated size: 227

C:\Program Files\Microchip\xc8\v2.41\pic\sources\c90\common\itoa.c
		_utoa          		CODE           	02FE	0000	84

C:\Program Files\Microchip\xc8\v2.41\pic\sources\c90\common\itoa.c estimated size: 84

C:\Program Files\Microchip\xc8\v2.41\pic\sources\c90\common\lwmod.c
		___lwmod       		CODE           	01CD	0000	50

C:\Program Files\Microchip\xc8\v2.41\pic\sources\c90\common\lwmod.c estimated size: 50

main.c
		_welcomeMessage		CODE           	026D	0000	69
		_main          		CODE           	0352	0000	152

main.c estimated size: 221

