Microchip MPLAB XC8 Compiler V2.41

Linker command line:

-W-3 \
  --edf=C:\Program Files\Microchip\xc8\v2.41\pic\dat\20230208172133_en.msgs \
  -cn -h+dist/default/production\Voltmeter.X.production.sym \
  --cmf=dist/default/production\Voltmeter.X.production.cmf -z -Q16F84A \
  -oC:\Users\mrajz\AppData\Local\Temp\xcAs164s.\driver_tmp_3.o \
  --defsym=__MPLAB_BUILD=1 --fixupoverflow=error \
  -Mdist/default/production/Voltmeter.X.production.map \
  --md=C:\Users\mrajz\AppData\Local\Temp\xcAs164s.\driver_tmp_0.dat -E1 \
  -ver=XC8 Compiler --acfsm=1493 -ACODE=00h-03FFh -ASTRCODE=00h-03FFh \
  -ASTRING=00h-0FFhx4 -ACONST=00h-0FFhx4 -AENTRY=00h-0FFhx4 \
  -ABANK0=0Ch-04Dh -ARAM=0Ch-04Dh -AABS1=0Ch-04Fh -ACOMMON=04Eh-04Fh \
  -ASFR0=00h-0Bh -ASFR1=080h-0CDh -ACONFIG=02007h-02007h -DCONFIG=2 \
  -AIDLOC=02000h-02003h -DIDLOC=2 -AEEDATA=00h-03Fh/02100h \
  -peeprom_data=EEDATA -DEEDATA=2 -DCODE=2 -DSTRCODE=2 -DSTRING=2 -DCONST=2 \
  -DENTRY=2 -preset_vec=00h,intentry=04h,init,end_init -ppowerup=CODE \
  -pcinit=CODE -pfunctab=ENTRY -k \
  C:\Users\mrajz\AppData\Local\Temp\xcAs164s.\driver_tmp_12.o \
  dist/default/production\Voltmeter.X.production.o 

Object code version is 3.11

Machine type is 16F84A



                Name                               Link     Load   Length Selector   Space Scale
C:\Users\mrajz\AppData\Local\Temp\xcAs164s.\driver_tmp_12.o
                end_init                              B        B        1        8       0
                reset_vec                             0        0        1        0       0
                config                             2007     2007        1        0       4
dist/default/production\Voltmeter.X.production.o
                cinit                                 C        C       16        8       0
                intentry                              4        4        7        8       0
                config                             2007     2007        1        0       4
                text20                              3D7      3D7        A      798       0
                text19                              3B5      3B5        C        8       0
                text18                              35B      35B       17        8       0
                text17                              388      388       12        8       0
                text16                              287      287       31        8       0
                text15                              2E5      2E5       23        8       0
                text14                              329      329       1A        8       0
                text13                              1E7      1E7       3C        8       0
                text12                              255      255       32        8       0
                text11                               FD       FD       54        8       0
                text10                              3A8      3A8        D        8       0
                text9                               308      308       21        8       0
                text8                               19C      19C       4B        8       0
                text7                               151      151       4B        8       0
                text6                               39A      39A        E        8       0
                text5                               223      223       32        8       0
                text4                               3CC      3CC        B      798       0
                text3                               372      372       16        8       0
                text2                               343      343       18        8       0
                text1                               2B8      2B8       2D        8       0
                maintext                             22       22       DB        8       0
                cstackBANK0                           C        C       32        C       1
                dataBANK0                            3E       3E        8        C       1
                bssBANK0                             46       46        4        C       1
                strings                             3C1      3C1        B      782       0
                idataBANK0                          3E1      3E1        8      798       0

TOTAL           Name                               Link     Load   Length     Space
        CLASS   CODE           
                end_init                              B        B        1         0
                cinit                                 C        C       16         0
                intentry                              4        4        7         0
                reset_vec                             0        0        1         0
                text20                              3D7      3D7        A         0
                text19                              3B5      3B5        C         0
                text18                              35B      35B       17         0
                text17                              388      388       12         0
                text16                              287      287       31         0
                text15                              2E5      2E5       23         0
                text14                              329      329       1A         0
                text13                              1E7      1E7       3C         0
                text12                              255      255       32         0
                text11                               FD       FD       54         0
                text10                              3A8      3A8        D         0
                text9                               308      308       21         0
                text8                               19C      19C       4B         0
                text7                               151      151       4B         0
                text6                               39A      39A        E         0
                text5                               223      223       32         0
                text4                               3CC      3CC        B         0
                text3                               372      372       16         0
                text2                               343      343       18         0
                text1                               2B8      2B8       2D         0
                maintext                             22       22       DB         0
                idataBANK0                          3E1      3E1        8         0

        CLASS   STRCODE        

        CLASS   STRING         
                strings                             3C1      3C1        B         0

        CLASS   CONST          

        CLASS   ENTRY          

        CLASS   BANK0          
                cstackBANK0                           C        C       32         1
                dataBANK0                            3E       3E        8         1
                bssBANK0                             46       46        4         1

        CLASS   RAM            

        CLASS   ABS1           
                abs_s1                               4E       4E        2         1

        CLASS   COMMON         

        CLASS   SFR0           

        CLASS   SFR1           

        CLASS   CONFIG         
                config                             2007     2007        1         4

        CLASS   IDLOC          

        CLASS   EEDATA         

        CLASS   BANK1          

        CLASS   STACK          



SEGMENTS        Name                           Load    Length   Top    Selector   Space  Class     Delta

                reset_vec                      000000  000001  000001         0       0  CODE        2
                intentry                       000004  0003BD  0003C1         8       0  CODE        2
                cstackBANK0                    00000C  00003E  00004A         C       1  BANK0       1
                strings                        0003C1  00000B  0003CC       782       0  STRING      2
                text4                          0003CC  00001D  0003E9       798       0  CODE        2


UNUSED ADDRESS RANGES

        Name                Unused          Largest block    Delta
        BANK0            004A-004D              4           1
        CODE             0001-0003              3           2
                         03E9-03FF             17
        CONST            0001-0003              3           2
                         03E9-03FF             17
        EEDATA           2100-213F             40           2
        ENTRY            0001-0003              3           2
                         03E9-03FF             17
        IDLOC            2000-2003              4           2
        RAM              004A-004D              4           1
        SFR0             0000-000B              C           1
        SFR1             0080-00CD             4E           1
        STRCODE          0001-0003              3           2
                         03E9-03FF             17
        STRING           0001-0003              3           2
                         03E9-03FF             17

                                  Symbol Table

?___lwdiv                 cstackBANK0  0015
?___lwmod                 cstackBANK0  0010
?___wmul                  cstackBANK0  001C
?_readADC1                cstackBANK0  0010
?_readADC2                cstackBANK0  0010
Lcd_Cmd@a                 cstackBANK0  0013
Lcd_Port@a                cstackBANK0  0010
Lcd_Set_Cursor@a          cstackBANK0  0016
Lcd_Set_Cursor@b          cstackBANK0  0014
Lcd_Set_Cursor@temp       cstackBANK0  0019
Lcd_Set_Cursor@y          cstackBANK0  0018
Lcd_Set_Cursor@z          cstackBANK0  0017
Lcd_Write_Char@a          cstackBANK0  0014
Lcd_Write_Char@temp       cstackBANK0  0012
Lcd_Write_Char@y          cstackBANK0  0013
Lcd_Write_Int@a           cstackBANK0  0024
Lcd_Write_Int@temp        cstackBANK0  0026
Lcd_Write_String@a        cstackBANK0  0018
Lcd_Write_String@i        cstackBANK0  0016
_INTCONbits               (abs)        000B
_Lcd_Clear                text6        039A
_Lcd_Cmd                  text17       0388
_Lcd_Init                 text16       0287
_Lcd_Port                 text18       035B
_Lcd_Set_Cursor           text5        0223
_Lcd_Write_Char           text15       02E5
_Lcd_Write_Int            text10       03A8
_Lcd_Write_String         text14       0329
_OPTION_REGbits           (abs)        0081
_RA0                      (abs)        0028
_RA1                      (abs)        0029
_RA2                      (abs)        002A
_RA3                      (abs)        002B
_RB1                      (abs)        0031
_RB2                      (abs)        0032
_RB3                      (abs)        0033
_RB4                      (abs)        0034
_RB5                      (abs)        0035
_RB6                      (abs)        0036
_RB7                      (abs)        0037
_TRISA                    (abs)        0085
_TRISB                    (abs)        0086
__H__absolute__           __absolute__ 0000
__Habs1                   abs1         0000
__Hbank0                  bank0        0000
__Hbank1                  bank1        0000
__HbssBANK0               bssBANK0     0000
__Hcinit                  cinit        0022
__Hclrtext                clrtext      0000
__Hcode                   code         0000
__Hcommon                 common       0000
__Hconfig                 config       2008
__HcstackBANK0            cstackBANK0  0000
__HcstackCOMMON           cstackCOMMON 0000
__HdataBANK0              dataBANK0    0000
__Heeprom_data            eeprom_data  0000
__Hend_init               end_init     000C
__Hfunctab                functab      0000
__HidataBANK0             idataBANK0   0000
__Hinit                   init         000B
__Hintentry               intentry     000B
__Hmaintext               maintext     0000
__Hpowerup                powerup      0000
__Hram                    ram          0000
__Hreset_vec              reset_vec    0001
__Hsfr0                   sfr0         0000
__Hsfr1                   sfr1         0000
__Hspace_0                (abs)        03E9
__Hspace_1                (abs)        004A
__Hspace_2                (abs)        0000
__Hspace_3                (abs)        0000
__Hspace_4                (abs)        400F
__Hstack                  stack        0000
__Hstrings                strings      0000
__Htext                   text         0000
__L__absolute__           __absolute__ 0000
__Labs1                   abs1         0000
__Lbank0                  bank0        0000
__Lbank1                  bank1        0000
__LbssBANK0               bssBANK0     0000
__Lcinit                  cinit        000C
__Lclrtext                clrtext      0000
__Lcode                   code         0000
__Lcommon                 common       0000
__Lconfig                 config       0000
__LcstackBANK0            cstackBANK0  0000
__LcstackCOMMON           cstackCOMMON 0000
__LdataBANK0              dataBANK0    0000
__Leeprom_data            eeprom_data  0000
__Lend_init               end_init     000B
__Lfunctab                functab      0000
__LidataBANK0             idataBANK0   0000
__Linit                   init         000B
__Lintentry               intentry     0004
__Lmaintext               maintext     0000
__Lpowerup                powerup      0000
__Lram                    ram          0000
__Lreset_vec              reset_vec    0000
__Lsfr0                   sfr0         0000
__Lsfr1                   sfr1         0000
__Lspace_0                (abs)        0000
__Lspace_1                (abs)        0000
__Lspace_2                (abs)        0000
__Lspace_3                (abs)        0000
__Lspace_4                (abs)        0000
__Lstack                  stack        0000
__Lstrings                strings      0000
__Ltext                   text         0000
__S0                      (abs)        03E9
__S1                      (abs)        004A
__S3                      (abs)        0000
___int_sp                 stack        0000
___latbits                (abs)        0000
___lwdiv                  text13       01E7
___lwdiv@counter          cstackBANK0  001B
___lwdiv@dividend         cstackBANK0  0017
___lwdiv@divisor          cstackBANK0  0015
___lwdiv@quotient         cstackBANK0  0019
___lwmod                  text12       0255
___lwmod@counter          cstackBANK0  0014
___lwmod@dividend         cstackBANK0  0012
___lwmod@divisor          cstackBANK0  0010
___sp                     stack        0000
___stackhi                (abs)        0000
___stacklo                (abs)        0000
___wmul                   text9        0308
___wmul@multiplicand      cstackBANK0  001E
___wmul@multiplier        cstackBANK0  001C
___wmul@product           cstackBANK0  0020
__end_of_Lcd_Clear        text6        03A8
__end_of_Lcd_Cmd          text17       039A
__end_of_Lcd_Init         text16       02B8
__end_of_Lcd_Port         text18       0372
__end_of_Lcd_Set_Cursor   text5        0255
__end_of_Lcd_Write_Char   text15       0308
__end_of_Lcd_Write_Int    text10       03B5
__end_of_Lcd_Write_String text14       0343
__end_of___lwdiv          text13       0223
__end_of___lwmod          text12       0287
__end_of___wmul           text9        0329
__end_of__initialization  cinit        0020
__end_of__stringtab       strings      03C7
__end_of_delay_1000ms     text3        0388
__end_of_delay_100ms      text4        03D7
__end_of_isr              text19       03C1
__end_of_main             maintext     00FD
__end_of_readADC1         text8        01E7
__end_of_readADC2         text7        019C
__end_of_strcpy           text2        035B
__end_of_utoa             text11       0151
__end_of_welcomeMessage   text1        02E5
__end_ofi1_delay_100ms    text20       03E1
__initialization          cinit        000C
__pbssBANK0               bssBANK0     0046
__pcstackBANK0            cstackBANK0  000C
__pcstackCOMMON           cstackCOMMON 0000
__pdataBANK0              dataBANK0    003E
__pidataBANK0             idataBANK0   03E1
__pintentry               intentry     0004
__pmaintext               maintext     0022
__pstrings                strings      03C1
__ptext1                  text1        02B8
__ptext10                 text10       03A8
__ptext11                 text11       00FD
__ptext12                 text12       0255
__ptext13                 text13       01E7
__ptext14                 text14       0329
__ptext15                 text15       02E5
__ptext16                 text16       0287
__ptext17                 text17       0388
__ptext18                 text18       035B
__ptext19                 text19       03B5
__ptext2                  text2        0343
__ptext20                 text20       03D7
__ptext3                  text3        0372
__ptext4                  text4        03CC
__ptext5                  text5        0223
__ptext6                  text6        039A
__ptext7                  text7        0151
__ptext8                  text8        019C
__ptext9                  text9        0308
__stringbase              strings      03C6
__stringtab               strings      03C1
_adcVal                   bssBANK0     0048
_delay_1000ms             text3        0372
_delay_100ms              text4        03CC
_isr                      text19       03B5
_main                     maintext     0022
_readADC1                 text8        019C
_readADC2                 text7        0151
_strcpy                   text2        0343
_toggleHold               bssBANK0     0046
_utoa                     text11       00FD
_welcomeMessage           text1        02B8
btemp                     (abs)        004E
delay_1000ms@i            cstackBANK0  0012
end_of_initialization     cinit        0020
i1_delay_100ms            text20       03D7
interrupt_function        intentry     0004
intlevel0                 functab      0000
intlevel1                 functab      0000
intlevel2                 functab      0000
intlevel3                 functab      0000
intlevel4                 functab      0000
intlevel5                 functab      0000
main@d1                   cstackBANK0  0036
main@d2                   cstackBANK0  0038
main@d3                   cstackBANK0  003A
main@d4                   cstackBANK0  003C
readADC1@bits             cstackBANK0  0016
readADC1@rxData           cstackBANK0  0017
readADC1@volt             cstackBANK0  0014
readADC2@bits             cstackBANK0  0016
readADC2@rxData           cstackBANK0  0017
readADC2@volt             cstackBANK0  0014
reset_vec                 reset_vec    0000
saved_w                   (abs)        004E
start                     init         000B
start_initialization      cinit        000C
strcpy@cp                 cstackBANK0  0012
strcpy@from               cstackBANK0  0010
strcpy@to                 cstackBANK0  0011
utoa@base                 cstackBANK0  001E
utoa@buf                  cstackBANK0  0023
utoa@c                    cstackBANK0  0022
utoa@v                    cstackBANK0  0020
utoa@val                  cstackBANK0  001C
welcomeMessage@F331       dataBANK0    003E
welcomeMessage@msg        cstackBANK0  001E
wtemp0                    (abs)        004E


MODULE INFORMATION

Module		Function		Class		Link	Load	Size
C:\Program Files\Microchip\xc8\v2.41\pic\sources\c90\common\Umul16.c
		___wmul        		CODE           	0308	0000	33

C:\Program Files\Microchip\xc8\v2.41\pic\sources\c90\common\Umul16.c estimated size: 33

C:\Program Files\Microchip\xc8\v2.41\pic\sources\c90\common\lwdiv.c
		___lwdiv       		CODE           	01E7	0000	60

C:\Program Files\Microchip\xc8\v2.41\pic\sources\c90\common\lwdiv.c estimated size: 60

adc.c
		_readADC1      		CODE           	019C	0000	75
		_readADC2      		CODE           	0151	0000	75

adc.c estimated size: 150

shared
		__stringtab    		STRING         	03C1	0000	6
		__initialization		CODE           	000C	0000	20
		i1_delay_100ms 		CODE           	03D7	0000	10

shared estimated size: 36

C:\Program Files\Microchip\xc8\v2.41\pic\sources\c90\common\strcpy.c
		_strcpy        		CODE           	0343	0000	24

C:\Program Files\Microchip\xc8\v2.41\pic\sources\c90\common\strcpy.c estimated size: 24

lcd.c
		_Lcd_Write_String		CODE           	0329	0000	26
		_Lcd_Write_Int 		CODE           	03A8	0000	13
		_Lcd_Init      		CODE           	0287	0000	49
		_Lcd_Write_Char		CODE           	02E5	0000	35
		_Lcd_Cmd       		CODE           	0388	0000	18
		_Lcd_Set_Cursor		CODE           	0223	0000	50
		_Lcd_Clear     		CODE           	039A	0000	14
		_Lcd_Port      		CODE           	035B	0000	23

lcd.c estimated size: 228

C:\Program Files\Microchip\xc8\v2.41\pic\sources\c90\common\itoa.c
		_utoa          		CODE           	00FD	0000	84

C:\Program Files\Microchip\xc8\v2.41\pic\sources\c90\common\itoa.c estimated size: 84

C:\Program Files\Microchip\xc8\v2.41\pic\sources\c90\common\lwmod.c
		___lwmod       		CODE           	0255	0000	50

C:\Program Files\Microchip\xc8\v2.41\pic\sources\c90\common\lwmod.c estimated size: 50

main.c
		_welcomeMessage		CODE           	02B8	0000	45
		_main          		CODE           	0022	0000	219
		_delay_100ms   		CODE           	03CC	0000	11
		_delay_1000ms  		CODE           	0372	0000	22
		_isr           		CODE           	03B5	0000	12

main.c estimated size: 309

