Microchip MPLAB XC8 Compiler V2.41

Linker command line:

-W-3 \
  --edf=C:\Program Files\Microchip\xc8\v2.41\pic\dat\20230208172133_en.msgs \
  -cn -h+dist/default/production\Voltmeter.X.production.sym \
  --cmf=dist/default/production\Voltmeter.X.production.cmf -z -Q16F84A \
  -oC:\Users\mrajz\AppData\Local\Temp\xcAs9ek.\driver_tmp_3.o \
  --defsym=__MPLAB_BUILD=1 --fixupoverflow=error \
  -Mdist/default/production/Voltmeter.X.production.map \
  --md=C:\Users\mrajz\AppData\Local\Temp\xcAs9ek.\driver_tmp_0.dat -E1 \
  -ver=XC8 Compiler --acfsm=1493 -ACODE=00h-03FFh -ASTRCODE=00h-03FFh \
  -ASTRING=00h-0FFhx4 -ACONST=00h-0FFhx4 -AENTRY=00h-0FFhx4 \
  -ABANK0=0Ch-04Dh -ARAM=0Ch-04Dh -AABS1=0Ch-04Fh -ACOMMON=04Eh-04Fh \
  -ASFR0=00h-0Bh -ASFR1=080h-0CDh -ACONFIG=02007h-02007h -DCONFIG=2 \
  -AIDLOC=02000h-02003h -DIDLOC=2 -AEEDATA=00h-03Fh/02100h \
  -peeprom_data=EEDATA -DEEDATA=2 -DCODE=2 -DSTRCODE=2 -DSTRING=2 -DCONST=2 \
  -DENTRY=2 -preset_vec=00h,intentry,init,end_init -ppowerup=CODE \
  -pcinit=CODE -pfunctab=ENTRY -k \
  C:\Users\mrajz\AppData\Local\Temp\xcAs9ek.\driver_tmp_12.o \
  dist/default/production\Voltmeter.X.production.o 

Object code version is 3.11

Machine type is 16F84A



                Name                               Link     Load   Length Selector   Space Scale
C:\Users\mrajz\AppData\Local\Temp\xcAs9ek.\driver_tmp_12.o
                end_init                              0        0        1        0       0
                config                             2007     2007        1        0       4
dist/default/production\Voltmeter.X.production.o
                cinit                               3EC      3EC       14      7D8       0
                config                             2007     2007        1        0       4
                text15                              147      147       16      28E       0
                text14                              135      135       12      26A       0
                text13                              1D3      1D3       31      3A6       0
                text12                              1B0      1B0       23      360       0
                text11                              175      175       1A      2EA       0
                text10                              268      268       3C      4D0       0
                text9                               204      204       32      408       0
                text8                               335      335       54      66A       0
                text7                               11A      11A        D      234       0
                text6                               18F      18F       21      31E       0
                text5                               2E9      2E9       4C      5D2       0
                text4                               127      127        E      24E       0
                text3                               236      236       32      46C       0
                text2                               15D      15D       18      2BA       0
                text1                               2A4      2A4       45      548       0
                maintext                            389      389       63      712       0
                cstackBANK0                           C        C       2D        C       1
                dataBANK0                            39       39        8        C       1
                bssBANK0                             41       41        2        C       1
                strings                               1        1        B        2       0
                idataBANK0                          112      112        8      224       0

TOTAL           Name                               Link     Load   Length     Space
        CLASS   CODE           
                end_init                              0        0        1         0
                cinit                               3EC      3EC       14         0
                text15                              147      147       16         0
                text14                              135      135       12         0
                text13                              1D3      1D3       31         0
                text12                              1B0      1B0       23         0
                text11                              175      175       1A         0
                text10                              268      268       3C         0
                text9                               204      204       32         0
                text8                               335      335       54         0
                text7                               11A      11A        D         0
                text6                               18F      18F       21         0
                text5                               2E9      2E9       4C         0
                text4                               127      127        E         0
                text3                               236      236       32         0
                text2                               15D      15D       18         0
                text1                               2A4      2A4       45         0
                maintext                            389      389       63         0
                idataBANK0                          112      112        8         0

        CLASS   STRCODE        

        CLASS   STRING         
                strings                               1        1        B         0

        CLASS   CONST          

        CLASS   ENTRY          

        CLASS   BANK0          
                cstackBANK0                           C        C       2D         1
                dataBANK0                            39       39        8         1
                bssBANK0                             41       41        2         1

        CLASS   RAM            

        CLASS   ABS1           
                abs_s1                               4E       4E        2         1

        CLASS   COMMON         

        CLASS   SFR0           

        CLASS   SFR1           

        CLASS   CONFIG         
                config                             2007     2007        1         4

        CLASS   IDLOC          

        CLASS   EEDATA         

        CLASS   BANK1          

        CLASS   STACK          



SEGMENTS        Name                           Load    Length   Top    Selector   Space  Class     Delta

                reset_vec                      000000  000001  000001         0       0  CODE        2
                strings                        000001  00000B  00000C         2       0  STRING      2
                cstackBANK0                    00000C  000037  000043         C       1  BANK0       1
                idataBANK0                     000112  000008  00011A       224       0  CODE        2
                text7                          00011A  00000D  000127       234       0  CODE        2
                text4                          000127  00000E  000135       24E       0  CODE        2
                text14                         000135  000012  000147       26A       0  CODE        2
                text15                         000147  000016  00015D       28E       0  CODE        2
                text2                          00015D  000018  000175       2BA       0  CODE        2
                text11                         000175  00001A  00018F       2EA       0  CODE        2
                text6                          00018F  000021  0001B0       31E       0  CODE        2
                text12                         0001B0  000023  0001D3       360       0  CODE        2
                text13                         0001D3  000031  000204       3A6       0  CODE        2
                text9                          000204  000032  000236       408       0  CODE        2
                text3                          000236  000032  000268       46C       0  CODE        2
                text10                         000268  00003C  0002A4       4D0       0  CODE        2
                text1                          0002A4  000045  0002E9       548       0  CODE        2
                text5                          0002E9  00004C  000335       5D2       0  CODE        2
                text8                          000335  000054  000389       66A       0  CODE        2
                maintext                       000389  000063  0003EC       712       0  CODE        2
                cinit                          0003EC  000014  000400       7D8       0  CODE        2


UNUSED ADDRESS RANGES

        Name                Unused          Largest block    Delta
        BANK0            0043-004D              B           1
        CODE             000C-0111            106           2
        CONST            000C-0111             F4           2
        EEDATA           2100-213F             40           2
        ENTRY            000C-0111             F4           2
        IDLOC            2000-2003              4           2
        RAM              0043-004D              B           1
        SFR0             0000-000B              C           1
        SFR1             0080-00CD             4E           1
        STRCODE          000C-0111            106           2
        STRING           000C-0111             F4           2

                                  Symbol Table

?___lwdiv                 cstackBANK0  0011
?___lwmod                 cstackBANK0  000C
?___wmul                  cstackBANK0  0018
?_readADC                 cstackBANK0  000C
Lcd_Cmd@a                 cstackBANK0  000F
Lcd_Port@a                cstackBANK0  000C
Lcd_Set_Cursor@a          cstackBANK0  0012
Lcd_Set_Cursor@b          cstackBANK0  0010
Lcd_Set_Cursor@temp       cstackBANK0  0015
Lcd_Set_Cursor@y          cstackBANK0  0014
Lcd_Set_Cursor@z          cstackBANK0  0013
Lcd_Write_Char@a          cstackBANK0  0010
Lcd_Write_Char@temp       cstackBANK0  000E
Lcd_Write_Char@y          cstackBANK0  000F
Lcd_Write_Int@a           cstackBANK0  0020
Lcd_Write_Int@temp        cstackBANK0  0022
Lcd_Write_String@a        cstackBANK0  0014
Lcd_Write_String@i        cstackBANK0  0012
_Lcd_Clear                text4        0127
_Lcd_Cmd                  text14       0135
_Lcd_Init                 text13       01D3
_Lcd_Port                 text15       0147
_Lcd_Set_Cursor           text3        0236
_Lcd_Write_Char           text12       01B0
_Lcd_Write_Int            text7        011A
_Lcd_Write_String         text11       0175
_RA0                      (abs)        0028
_RA1                      (abs)        0029
_RA2                      (abs)        002A
_RB0                      (abs)        0030
_RB1                      (abs)        0031
_RB2                      (abs)        0032
_RB3                      (abs)        0033
_RB5                      (abs)        0035
_RB6                      (abs)        0036
_RB7                      (abs)        0037
_TRISA                    (abs)        0085
_TRISB                    (abs)        0086
__H__absolute__           __absolute__ 0000
__Habs1                   abs1         0000
__Hbank0                  bank0        0000
__Hbank1                  bank1        0000
__HbssBANK0               bssBANK0     0000
__Hcinit                  cinit        0400
__Hclrtext                clrtext      0000
__Hcode                   code         0000
__Hcommon                 common       0000
__Hconfig                 config       2008
__HcstackBANK0            cstackBANK0  0000
__HcstackCOMMON           cstackCOMMON 0000
__HdataBANK0              dataBANK0    0000
__Heeprom_data            eeprom_data  0000
__Hend_init               end_init     0001
__Hfunctab                functab      0000
__HidataBANK0             idataBANK0   0000
__Hinit                   init         0000
__Hintentry               intentry     0000
__Hmaintext               maintext     0000
__Hpowerup                powerup      0000
__Hram                    ram          0000
__Hreset_vec              reset_vec    0000
__Hsfr0                   sfr0         0000
__Hsfr1                   sfr1         0000
__Hspace_0                (abs)        0400
__Hspace_1                (abs)        0043
__Hspace_2                (abs)        0000
__Hspace_3                (abs)        0000
__Hspace_4                (abs)        400F
__Hstack                  stack        0000
__Hstrings                strings      0000
__Htext                   text         0000
__L__absolute__           __absolute__ 0000
__Labs1                   abs1         0000
__Lbank0                  bank0        0000
__Lbank1                  bank1        0000
__LbssBANK0               bssBANK0     0000
__Lcinit                  cinit        03EC
__Lclrtext                clrtext      0000
__Lcode                   code         0000
__Lcommon                 common       0000
__Lconfig                 config       0000
__LcstackBANK0            cstackBANK0  0000
__LcstackCOMMON           cstackCOMMON 0000
__LdataBANK0              dataBANK0    0000
__Leeprom_data            eeprom_data  0000
__Lend_init               end_init     0000
__Lfunctab                functab      0000
__LidataBANK0             idataBANK0   0000
__Linit                   init         0000
__Lintentry               intentry     0000
__Lmaintext               maintext     0000
__Lpowerup                powerup      0000
__Lram                    ram          0000
__Lreset_vec              reset_vec    0000
__Lsfr0                   sfr0         0000
__Lsfr1                   sfr1         0000
__Lspace_0                (abs)        0000
__Lspace_1                (abs)        0000
__Lspace_2                (abs)        0000
__Lspace_3                (abs)        0000
__Lspace_4                (abs)        0000
__Lstack                  stack        0000
__Lstrings                strings      0000
__Ltext                   text         0000
__S0                      (abs)        0400
__S1                      (abs)        0043
__S3                      (abs)        0000
___int_sp                 stack        0000
___latbits                (abs)        0000
___lwdiv                  text10       0268
___lwdiv@counter          cstackBANK0  0017
___lwdiv@dividend         cstackBANK0  0013
___lwdiv@divisor          cstackBANK0  0011
___lwdiv@quotient         cstackBANK0  0015
___lwmod                  text9        0204
___lwmod@counter          cstackBANK0  0010
___lwmod@dividend         cstackBANK0  000E
___lwmod@divisor          cstackBANK0  000C
___sp                     stack        0000
___stackhi                (abs)        0000
___stacklo                (abs)        0000
___wmul                   text6        018F
___wmul@multiplicand      cstackBANK0  001A
___wmul@multiplier        cstackBANK0  0018
___wmul@product           cstackBANK0  001C
__end_of_Lcd_Clear        text4        0135
__end_of_Lcd_Cmd          text14       0147
__end_of_Lcd_Init         text13       0204
__end_of_Lcd_Port         text15       015D
__end_of_Lcd_Set_Cursor   text3        0268
__end_of_Lcd_Write_Char   text12       01D3
__end_of_Lcd_Write_Int    text7        0127
__end_of_Lcd_Write_String text11       018F
__end_of___lwdiv          text10       02A4
__end_of___lwmod          text9        0236
__end_of___wmul           text6        01B0
__end_of__initialization  cinit        03FE
__end_of__stringtab       strings      0007
__end_of_main             maintext     03EC
__end_of_readADC          text5        0335
__end_of_strcpy           text2        0175
__end_of_utoa             text8        0389
__end_of_welcomeMessage   text1        02E9
__initialization          cinit        03EC
__pbssBANK0               bssBANK0     0041
__pcstackBANK0            cstackBANK0  000C
__pcstackCOMMON           cstackCOMMON 0000
__pdataBANK0              dataBANK0    0039
__pidataBANK0             idataBANK0   0112
__pmaintext               maintext     0389
__pstrings                strings      0001
__ptext1                  text1        02A4
__ptext10                 text10       0268
__ptext11                 text11       0175
__ptext12                 text12       01B0
__ptext13                 text13       01D3
__ptext14                 text14       0135
__ptext15                 text15       0147
__ptext2                  text2        015D
__ptext3                  text3        0236
__ptext4                  text4        0127
__ptext5                  text5        02E9
__ptext6                  text6        018F
__ptext7                  text7        011A
__ptext8                  text8        0335
__ptext9                  text9        0204
__stringbase              strings      0006
__stringtab               strings      0001
_adcVal                   bssBANK0     0041
_main                     maintext     0389
_readADC                  text5        02E9
_strcpy                   text2        015D
_utoa                     text8        0335
_welcomeMessage           text1        02A4
btemp                     (abs)        004E
end_of_initialization     cinit        03FE
intlevel0                 functab      0000
intlevel1                 functab      0000
intlevel2                 functab      0000
intlevel3                 functab      0000
intlevel4                 functab      0000
intlevel5                 functab      0000
main@d1                   cstackBANK0  0035
main@d2                   cstackBANK0  0037
readADC@bits              cstackBANK0  0012
readADC@rxData            cstackBANK0  0013
readADC@volt              cstackBANK0  0010
reset_vec                 reset_vec    0000
start                     init         0000
start_initialization      cinit        03EC
strcpy@cp                 cstackBANK0  000E
strcpy@from               cstackBANK0  000C
strcpy@to                 cstackBANK0  000D
utoa@base                 cstackBANK0  001A
utoa@buf                  cstackBANK0  001F
utoa@c                    cstackBANK0  001E
utoa@v                    cstackBANK0  001C
utoa@val                  cstackBANK0  0018
welcomeMessage@F325       dataBANK0    0039
welcomeMessage@msg        cstackBANK0  001A
wtemp0                    (abs)        004E


MODULE INFORMATION

Module		Function		Class		Link	Load	Size
C:\Program Files\Microchip\xc8\v2.41\pic\sources\c90\common\Umul16.c
		___wmul        		CODE           	018F	0000	33

C:\Program Files\Microchip\xc8\v2.41\pic\sources\c90\common\Umul16.c estimated size: 33

C:\Program Files\Microchip\xc8\v2.41\pic\sources\c90\common\lwdiv.c
		___lwdiv       		CODE           	0268	0000	60

C:\Program Files\Microchip\xc8\v2.41\pic\sources\c90\common\lwdiv.c estimated size: 60

adc.c
		_readADC       		CODE           	02E9	0000	76

adc.c estimated size: 76

shared
		__stringtab    		STRING         	0001	0000	6
		__initialization		CODE           	03EC	0000	18

shared estimated size: 24

C:\Program Files\Microchip\xc8\v2.41\pic\sources\c90\common\strcpy.c
		_strcpy        		CODE           	015D	0000	24

C:\Program Files\Microchip\xc8\v2.41\pic\sources\c90\common\strcpy.c estimated size: 24

lcd.c
		_Lcd_Write_String		CODE           	0175	0000	26
		_Lcd_Write_Int 		CODE           	011A	0000	13
		_Lcd_Init      		CODE           	01D3	0000	49
		_Lcd_Write_Char		CODE           	01B0	0000	35
		_Lcd_Cmd       		CODE           	0135	0000	18
		_Lcd_Set_Cursor		CODE           	0236	0000	50
		_Lcd_Clear     		CODE           	0127	0000	14
		_Lcd_Port      		CODE           	0147	0000	22

lcd.c estimated size: 227

C:\Program Files\Microchip\xc8\v2.41\pic\sources\c90\common\itoa.c
		_utoa          		CODE           	0335	0000	84

C:\Program Files\Microchip\xc8\v2.41\pic\sources\c90\common\itoa.c estimated size: 84

C:\Program Files\Microchip\xc8\v2.41\pic\sources\c90\common\lwmod.c
		___lwmod       		CODE           	0204	0000	50

C:\Program Files\Microchip\xc8\v2.41\pic\sources\c90\common\lwmod.c estimated size: 50

main.c
		_welcomeMessage		CODE           	02A4	0000	69
		_main          		CODE           	0389	0000	99

main.c estimated size: 168

