Microchip MPLAB XC8 Compiler V2.41

Linker command line:

-W-3 \
  --edf=C:\Program Files\Microchip\xc8\v2.41\pic\dat\20230208172133_en.msgs \
  -cn -h+dist/default/production\Voltmeter.X.production.sym \
  --cmf=dist/default/production\Voltmeter.X.production.cmf -z -Q16F84A \
  -oC:\Users\mrajz\AppData\Local\Temp\xcAsdo4.\driver_tmp_3.o \
  --defsym=__MPLAB_BUILD=1 --fixupoverflow=error \
  -Mdist/default/production/Voltmeter.X.production.map \
  --md=C:\Users\mrajz\AppData\Local\Temp\xcAsdo4.\driver_tmp_0.dat -E1 \
  -ver=XC8 Compiler --acfsm=1493 -ACODE=00h-03FFh -ASTRCODE=00h-03FFh \
  -ASTRING=00h-0FFhx4 -ACONST=00h-0FFhx4 -AENTRY=00h-0FFhx4 \
  -ABANK0=0Ch-04Dh -ARAM=0Ch-04Dh -AABS1=0Ch-04Fh -ACOMMON=04Eh-04Fh \
  -ASFR0=00h-0Bh -ASFR1=080h-0CDh -ACONFIG=02007h-02007h -DCONFIG=2 \
  -AIDLOC=02000h-02003h -DIDLOC=2 -AEEDATA=00h-03Fh/02100h \
  -peeprom_data=EEDATA -DEEDATA=2 -DCODE=2 -DSTRCODE=2 -DSTRING=2 -DCONST=2 \
  -DENTRY=2 -preset_vec=00h,intentry,init,end_init -ppowerup=CODE \
  -pcinit=CODE -pfunctab=ENTRY -k \
  C:\Users\mrajz\AppData\Local\Temp\xcAsdo4.\driver_tmp_12.o \
  dist/default/production\Voltmeter.X.production.o 

Object code version is 3.11

Machine type is 16F84A



                Name                               Link     Load   Length Selector   Space Scale
C:\Users\mrajz\AppData\Local\Temp\xcAsdo4.\driver_tmp_12.o
                end_init                              0        0        1        0       0
                config                             2007     2007        1        0       4
dist/default/production\Voltmeter.X.production.o
                cinit                               3F4      3F4        C      7E8       0
                config                             2007     2007        1        0       4
                text14                              177      177       16      2EE       0
                text13                              150      150       12      2A0       0
                text12                              1EB      1EB       31      3D6       0
                text11                              1C8      1C8       23      390       0
                text10                              18D      18D       1A      31A       0
                text9                               280      280       3C      500       0
                text8                               21C      21C       32      438       0
                text7                               308      308       54      610       0
                text6                               135      135        D      26A       0
                text5                               1A7      1A7       21      34E       0
                text4                               2BC      2BC       4C      578       0
                text3                               142      142        E      284       0
                text2                               24E      24E       32      49C       0
                text1                               162      162       15      2C4       0
                maintext                            35C      35C       98      6B8       0
                cstackBANK0                           C        C       37        C       1
                dataBANK0                            49       49        2        C       1
                bssBANK0                             43       43        6        C       1
                idataBANK0                          133      133        2      266       0

TOTAL           Name                               Link     Load   Length     Space
        CLASS   CODE           
                end_init                              0        0        1         0
                cinit                               3F4      3F4        C         0
                text14                              177      177       16         0
                text13                              150      150       12         0
                text12                              1EB      1EB       31         0
                text11                              1C8      1C8       23         0
                text10                              18D      18D       1A         0
                text9                               280      280       3C         0
                text8                               21C      21C       32         0
                text7                               308      308       54         0
                text6                               135      135        D         0
                text5                               1A7      1A7       21         0
                text4                               2BC      2BC       4C         0
                text3                               142      142        E         0
                text2                               24E      24E       32         0
                text1                               162      162       15         0
                maintext                            35C      35C       98         0
                idataBANK0                          133      133        2         0

        CLASS   STRCODE        

        CLASS   STRING         

        CLASS   CONST          

        CLASS   ENTRY          

        CLASS   BANK0          
                cstackBANK0                           C        C       37         1
                dataBANK0                            49       49        2         1
                bssBANK0                             43       43        6         1

        CLASS   RAM            

        CLASS   ABS1           
                abs_s1                               4E       4E        2         1

        CLASS   COMMON         

        CLASS   SFR0           

        CLASS   SFR1           

        CLASS   CONFIG         
                config                             2007     2007        1         4

        CLASS   IDLOC          

        CLASS   EEDATA         

        CLASS   BANK1          

        CLASS   STACK          



SEGMENTS        Name                           Load    Length   Top    Selector   Space  Class     Delta

                reset_vec                      000000  000001  000001         0       0  CODE        2
                cstackBANK0                    00000C  00003F  00004B         C       1  BANK0       1
                idataBANK0                     000133  000002  000135       266       0  CODE        2
                text6                          000135  00000D  000142       26A       0  CODE        2
                text3                          000142  00000E  000150       284       0  CODE        2
                text13                         000150  000012  000162       2A0       0  CODE        2
                text1                          000162  000015  000177       2C4       0  CODE        2
                text14                         000177  000016  00018D       2EE       0  CODE        2
                text10                         00018D  00001A  0001A7       31A       0  CODE        2
                text5                          0001A7  000021  0001C8       34E       0  CODE        2
                text11                         0001C8  000023  0001EB       390       0  CODE        2
                text12                         0001EB  000031  00021C       3D6       0  CODE        2
                text8                          00021C  000032  00024E       438       0  CODE        2
                text2                          00024E  000032  000280       49C       0  CODE        2
                text9                          000280  00003C  0002BC       500       0  CODE        2
                text4                          0002BC  00004C  000308       578       0  CODE        2
                text7                          000308  000054  00035C       610       0  CODE        2
                maintext                       00035C  000098  0003F4       6B8       0  CODE        2
                cinit                          0003F4  00000C  000400       7E8       0  CODE        2


UNUSED ADDRESS RANGES

        Name                Unused          Largest block    Delta
        BANK0            004B-004D              3           1
        CODE             0001-0132            132           2
        CONST            0001-0132             FF           2
        EEDATA           2100-213F             40           2
        ENTRY            0001-0132             FF           2
        IDLOC            2000-2003              4           2
        RAM              004B-004D              3           1
        SFR0             0000-000B              C           1
        SFR1             0080-00CD             4E           1
        STRCODE          0001-0132            132           2
        STRING           0001-0132             FF           2

                                  Symbol Table

?___lwdiv                 cstackBANK0  0017
?___lwmod                 cstackBANK0  000C
?___wmul                  cstackBANK0  0011
?_readADC                 cstackBANK0  000C
Lcd_Cmd@a                 cstackBANK0  000F
Lcd_Port@a                cstackBANK0  000C
Lcd_Set_Cursor@a          cstackBANK0  0012
Lcd_Set_Cursor@b          cstackBANK0  0010
Lcd_Set_Cursor@temp       cstackBANK0  0015
Lcd_Set_Cursor@y          cstackBANK0  0014
Lcd_Set_Cursor@z          cstackBANK0  0013
Lcd_Write_Char@a          cstackBANK0  0010
Lcd_Write_Char@temp       cstackBANK0  000E
Lcd_Write_Char@y          cstackBANK0  000F
Lcd_Write_Int@a           cstackBANK0  0026
Lcd_Write_Int@temp        cstackBANK0  0028
Lcd_Write_String@a        cstackBANK0  0014
Lcd_Write_String@i        cstackBANK0  0012
_Lcd_Clear                text3        0142
_Lcd_Cmd                  text13       0150
_Lcd_Init                 text12       01EB
_Lcd_Port                 text14       0177
_Lcd_Set_Cursor           text2        024E
_Lcd_Write_Char           text11       01C8
_Lcd_Write_Int            text6        0135
_Lcd_Write_String         text10       018D
_RA0                      (abs)        0028
_RA1                      (abs)        0029
_RA2                      (abs)        002A
_RB0                      (abs)        0030
_RB1                      (abs)        0031
_RB2                      (abs)        0032
_RB3                      (abs)        0033
_RB5                      (abs)        0035
_RB6                      (abs)        0036
_RB7                      (abs)        0037
_TRISA                    (abs)        0085
_TRISB                    (abs)        0086
__H__absolute__           __absolute__ 0000
__Habs1                   abs1         0000
__Hbank0                  bank0        0000
__Hbank1                  bank1        0000
__HbssBANK0               bssBANK0     0000
__Hcinit                  cinit        0400
__Hclrtext                clrtext      0000
__Hcode                   code         0000
__Hcommon                 common       0000
__Hconfig                 config       2008
__HcstackBANK0            cstackBANK0  0000
__HcstackCOMMON           cstackCOMMON 0000
__HdataBANK0              dataBANK0    0000
__Heeprom_data            eeprom_data  0000
__Hend_init               end_init     0001
__Hfunctab                functab      0000
__HidataBANK0             idataBANK0   0000
__Hinit                   init         0000
__Hintentry               intentry     0000
__Hmaintext               maintext     0000
__Hpowerup                powerup      0000
__Hram                    ram          0000
__Hreset_vec              reset_vec    0000
__Hsfr0                   sfr0         0000
__Hsfr1                   sfr1         0000
__Hspace_0                (abs)        0400
__Hspace_1                (abs)        004B
__Hspace_2                (abs)        0000
__Hspace_3                (abs)        0000
__Hspace_4                (abs)        400F
__Hstack                  stack        0000
__Hstrings                strings      0000
__Htext                   text         0000
__L__absolute__           __absolute__ 0000
__Labs1                   abs1         0000
__Lbank0                  bank0        0000
__Lbank1                  bank1        0000
__LbssBANK0               bssBANK0     0000
__Lcinit                  cinit        03F4
__Lclrtext                clrtext      0000
__Lcode                   code         0000
__Lcommon                 common       0000
__Lconfig                 config       0000
__LcstackBANK0            cstackBANK0  0000
__LcstackCOMMON           cstackCOMMON 0000
__LdataBANK0              dataBANK0    0000
__Leeprom_data            eeprom_data  0000
__Lend_init               end_init     0000
__Lfunctab                functab      0000
__LidataBANK0             idataBANK0   0000
__Linit                   init         0000
__Lintentry               intentry     0000
__Lmaintext               maintext     0000
__Lpowerup                powerup      0000
__Lram                    ram          0000
__Lreset_vec              reset_vec    0000
__Lsfr0                   sfr0         0000
__Lsfr1                   sfr1         0000
__Lspace_0                (abs)        0000
__Lspace_1                (abs)        0000
__Lspace_2                (abs)        0000
__Lspace_3                (abs)        0000
__Lspace_4                (abs)        0000
__Lstack                  stack        0000
__Lstrings                strings      0000
__Ltext                   text         0000
__S0                      (abs)        0400
__S1                      (abs)        004B
__S3                      (abs)        0000
___int_sp                 stack        0000
___latbits                (abs)        0000
___lwdiv                  text9        0280
___lwdiv@counter          cstackBANK0  001D
___lwdiv@dividend         cstackBANK0  0019
___lwdiv@divisor          cstackBANK0  0017
___lwdiv@quotient         cstackBANK0  001B
___lwmod                  text8        021C
___lwmod@counter          cstackBANK0  0010
___lwmod@dividend         cstackBANK0  000E
___lwmod@divisor          cstackBANK0  000C
___sp                     stack        0000
___stackhi                (abs)        0000
___stacklo                (abs)        0000
___wmul                   text5        01A7
___wmul@multiplicand      cstackBANK0  0013
___wmul@multiplier        cstackBANK0  0011
___wmul@product           cstackBANK0  0015
__end_of_Lcd_Clear        text3        0150
__end_of_Lcd_Cmd          text13       0162
__end_of_Lcd_Init         text12       021C
__end_of_Lcd_Port         text14       018D
__end_of_Lcd_Set_Cursor   text2        0280
__end_of_Lcd_Write_Char   text11       01EB
__end_of_Lcd_Write_Int    text6        0142
__end_of_Lcd_Write_String text10       01A7
__end_of___lwdiv          text9        02BC
__end_of___lwmod          text8        024E
__end_of___wmul           text5        01C8
__end_of__initialization  cinit        03FE
__end_of_main             maintext     03F4
__end_of_readADC          text4        0308
__end_of_utoa             text7        035C
__end_of_welcomeMessage   text1        0177
__initialization          cinit        03F4
__pbssBANK0               bssBANK0     0043
__pcstackBANK0            cstackBANK0  000C
__pcstackCOMMON           cstackCOMMON 0000
__pdataBANK0              dataBANK0    0049
__pidataBANK0             idataBANK0   0133
__pmaintext               maintext     035C
__ptext1                  text1        0162
__ptext10                 text10       018D
__ptext11                 text11       01C8
__ptext12                 text12       01EB
__ptext13                 text13       0150
__ptext14                 text14       0177
__ptext2                  text2        024E
__ptext3                  text3        0142
__ptext4                  text4        02BC
__ptext5                  text5        01A7
__ptext6                  text6        0135
__ptext7                  text7        0308
__ptext8                  text8        021C
__ptext9                  text9        0280
_adcVal                   bssBANK0     0047
_main                     maintext     035C
_main$752                 cstackBANK0  0041
_readADC                  text4        02BC
_utoa                     text7        0308
_welcomeMessage           text1        0162
btemp                     (abs)        004E
end_of_initialization     cinit        03FE
intlevel0                 functab      0000
intlevel1                 functab      0000
intlevel2                 functab      0000
intlevel3                 functab      0000
intlevel4                 functab      0000
intlevel5                 functab      0000
main@d1                   cstackBANK0  003B
main@d2                   cstackBANK0  003D
main@d3                   cstackBANK0  003F
readADC@bits              cstackBANK0  0012
readADC@rxData            cstackBANK0  0013
readADC@volt              cstackBANK0  0010
reset_vec                 reset_vec    0000
start                     init         0000
start_initialization      cinit        03F4
utoa@base                 cstackBANK0  0020
utoa@buf                  cstackBANK0  0025
utoa@c                    cstackBANK0  0024
utoa@v                    cstackBANK0  0022
utoa@val                  cstackBANK0  001E
wtemp0                    (abs)        004E


MODULE INFORMATION

Module		Function		Class		Link	Load	Size
C:\Program Files\Microchip\xc8\v2.41\pic\sources\c90\common\Umul16.c
		___wmul        		CODE           	01A7	0000	33

C:\Program Files\Microchip\xc8\v2.41\pic\sources\c90\common\Umul16.c estimated size: 33

C:\Program Files\Microchip\xc8\v2.41\pic\sources\c90\common\lwdiv.c
		___lwdiv       		CODE           	0280	0000	60

C:\Program Files\Microchip\xc8\v2.41\pic\sources\c90\common\lwdiv.c estimated size: 60

adc.c
		_readADC       		CODE           	02BC	0000	76

adc.c estimated size: 76

shared
		__initialization		CODE           	03F4	0000	10

shared estimated size: 10

lcd.c
		_Lcd_Write_String		CODE           	018D	0000	26
		_Lcd_Write_Int 		CODE           	0135	0000	13
		_Lcd_Init      		CODE           	01EB	0000	49
		_Lcd_Write_Char		CODE           	01C8	0000	35
		_Lcd_Cmd       		CODE           	0150	0000	18
		_Lcd_Set_Cursor		CODE           	024E	0000	50
		_Lcd_Clear     		CODE           	0142	0000	14
		_Lcd_Port      		CODE           	0177	0000	22

lcd.c estimated size: 227

C:\Program Files\Microchip\xc8\v2.41\pic\sources\c90\common\itoa.c
		_utoa          		CODE           	0308	0000	84

C:\Program Files\Microchip\xc8\v2.41\pic\sources\c90\common\itoa.c estimated size: 84

C:\Program Files\Microchip\xc8\v2.41\pic\sources\c90\common\lwmod.c
		___lwmod       		CODE           	021C	0000	50

C:\Program Files\Microchip\xc8\v2.41\pic\sources\c90\common\lwmod.c estimated size: 50

main.c
		_welcomeMessage		CODE           	0162	0000	21
		_main          		CODE           	035C	0000	152

main.c estimated size: 173

